// Jest Snapshot v1, https://goo.gl/fbAQLP

exports[`<Calculator /> renders Calculator correctly 1`] = `ShallowWrapper {}`;
