// Jest Snapshot v1, https://goo.gl/fbAQLP

exports[`<DataTable /> renders DataTable correctly 1`] = `ShallowWrapper {}`;
