// Jest Snapshot v1, https://goo.gl/fbAQLP

exports[`<Container /> expects render Container correctly 1`] = `ShallowWrapper {}`;
